// Jest Snapshot v1, https://goo.gl/fbAQLP

exports[`MessageList matches snapshot 1`] = `
<li
  className="Message__operator"
  style={
    Object {
      "clear": "both",
    }
  }
>
  <div>
    <ul>
      <li
        key="0"
      >
        test message
      </li>
    </ul>
  </div>
</li>
`;
