// Jest Snapshot v1, https://goo.gl/fbAQLP

exports[`ClientList matches snapshot 1`] = `
<ClientList
  chats={
    Object {
      "id-0": Object {
        "client": Object {
          "first_name": "Robert",
          "last_name": "waffle",
        },
      },
      "id-1": Object {
        "client": Object {
          "first_name": "Lisa",
          "last_name": "pancake",
        },
      },
    }
  }
  config={Object {}}
  dispatch={[MockFunction]}
  operatorFilter="all"
  query=""
  store={
    Object {
      "dispatch": [MockFunction],
      "getState": [MockFunction] {
        "calls": Array [
          Array [],
          Array [],
        ],
      },
      "subscribe": [MockFunction] {
        "calls": Array [
          Array [
            [Function],
          ],
        ],
      },
    }
  }
/>
`;
