// Jest Snapshot v1, https://goo.gl/fbAQLP

exports[`MessageList matches snapshot 1`] = `
<MessageList
  chat={Object {}}
  config={Object {}}
  dispatch={[MockFunction]}
  messages={Array []}
  store={
    Object {
      "dispatch": [MockFunction],
      "getState": [MockFunction] {
        "calls": Array [
          Array [],
          Array [],
        ],
      },
      "subscribe": [MockFunction] {
        "calls": Array [
          Array [
            [Function],
          ],
        ],
      },
    }
  }
  typing={Object {}}
/>
`;
