// Jest Snapshot v1, https://goo.gl/fbAQLP

exports[`MessagePanel matches snapshot 1`] = `
<MessagePanel
  dispatch={[MockFunction]}
  store={
    Object {
      "dispatch": [MockFunction],
      "getState": [MockFunction] {
        "calls": Array [
          Array [],
          Array [],
        ],
      },
      "subscribe": [MockFunction] {
        "calls": Array [
          Array [
            [Function],
          ],
        ],
      },
    }
  }
/>
`;
