// Jest Snapshot v1, https://goo.gl/fbAQLP

exports[`OperatorPanel matches snapshot 1`] = `
<OperatorPanel
  store={
    Object {
      "dispatch": [MockFunction],
      "getState": [MockFunction] {
        "calls": Array [
          Array [],
          Array [],
        ],
      },
      "subscribe": [MockFunction],
    }
  }
  toggleSettings={[Function]}
/>
`;
